Copyright 1986-2022 Xilinx, Inc. All Rights Reserved. Copyright 2022-2024 Advanced Micro Devices, Inc. All Rights Reserved.
-----------------------------------------------------------------------------------------------------------------------------------------------------------------------------
| Tool Version      : Vivado v.2024.1 (lin64) Build 5076996 Wed May 22 18:36:09 MDT 2024
| Date              : Mon Sep  2 01:16:59 2024
| Host              : archlinux running 64-bit Arch Linux
| Command           : report_bus_skew -warn_on_violation -file register_tree_bus_skew_routed.rpt -pb register_tree_bus_skew_routed.pb -rpx register_tree_bus_skew_routed.rpx
| Design            : register_tree
| Device            : xcu250-figd2104
| Speed File        : -2L  PRODUCTION 1.28 03-30-2022
| Design State      : Routed
| Temperature Grade : E
-----------------------------------------------------------------------------------------------------------------------------------------------------------------------------

Bus Skew Report

No bus skew constraints

