#-----------------------------------------------------------
# Vivado v2024.1 (64-bit)
# SW Build 5076996 on Wed May 22 18:36:09 MDT 2024
# IP Build 5075265 on Wed May 22 21:45:21 MDT 2024
# SharedData Build 5076995 on Wed May 22 18:29:18 MDT 2024
# Start of session at: Sat Jan 18 00:02:00 2025
# Process ID: 2386154
# Current directory: /home/charlielinux/Workspace/hwpq_qw2246/systolic_array/vivado_systolic_array_tcl_16bit_new/vivado_systolic_array_tcl_16bit_new.runs/synth_1
# Command line: vivado -log systolic_array.vds -product Vivado -mode batch -messageDb vivado.pb -notrace -source systolic_array.tcl
# Log file: /home/charlielinux/Workspace/hwpq_qw2246/systolic_array/vivado_systolic_array_tcl_16bit_new/vivado_systolic_array_tcl_16bit_new.runs/synth_1/systolic_array.vds
# Journal file: /home/charlielinux/Workspace/hwpq_qw2246/systolic_array/vivado_systolic_array_tcl_16bit_new/vivado_systolic_array_tcl_16bit_new.runs/synth_1/vivado.jou
# Running On        :charliePC
# Platform          :Ubuntu
# Operating System  :Ubuntu 22.04.5 LTS
# Processor Detail  :12th Gen Intel(R) Core(TM) i9-12900KF
# CPU Frequency     :3187.198 MHz
# CPU Physical cores:12
# CPU Logical cores :24
# Host memory       :67341 MB
# Swap memory       :17179 MB
# Total Virtual     :84520 MB
# Available Virtual :72988 MB
#-----------------------------------------------------------
source systolic_array.tcl -notrace
